Circuit: * E:\итмо\Схемотехника\lab1\test.asc

WARNING: Node X2:NC_01 is floating.
WARNING: Node X2:NC_02 is floating.
WARNING: Node X2:NC_03 is floating.
WARNING: Node X2:NC_04 is floating.
WARNING: Node X2:NC_05 is floating.
WARNING: Node X2:NC_06 is floating.
WARNING: Node X1:NC_01 is floating.
WARNING: Node X1:NC_02 is floating.
WARNING: Node X1:NC_03 is floating.
WARNING: Node X1:NC_04 is floating.
WARNING: Node X1:NC_05 is floating.
WARNING: Node X1:NC_06 is floating.

WARNING: Less than two connections to node X2:NC_01.  This node is used by M:X2:1.
WARNING: Less than two connections to node X2:NC_02.  This node is used by M:X2:2.
WARNING: Less than two connections to node X2:NC_03.  This node is used by M:X2:3.
WARNING: Less than two connections to node X2:NC_04.  This node is used by M:X2:4.
WARNING: Less than two connections to node X2:NC_05.  This node is used by M:X2:5.
WARNING: Less than two connections to node X2:NC_06.  This node is used by M:X2:6.
WARNING: Less than two connections to node X1:NC_01.  This node is used by M:X1:1.
WARNING: Less than two connections to node X1:NC_02.  This node is used by M:X1:2.
WARNING: Less than two connections to node X1:NC_03.  This node is used by M:X1:3.
WARNING: Less than two connections to node X1:NC_04.  This node is used by M:X1:4.
WARNING: Less than two connections to node X1:NC_05.  This node is used by M:X1:5.
WARNING: Less than two connections to node X1:NC_06.  This node is used by M:X1:6.
Warning: toxe, toxp and dtox all given and toxe != toxp + dtox; dtox ignored.
Warning: toxe, toxp and dtox all given and toxe != toxp + dtox; dtox ignored.
Direct Newton iteration failed to find .op point.  (Use ".option noopiter" to skip.)
Starting Gmin stepping
Gmin = 10
Gmin = 1.07374
Gmin = 0.115292
Gmin = 0.0123794
Gmin = 0.00132923
Gmin = 0.000142725
Gmin = 1.5325e-005
Gmin = 1.6455e-006
Gmin = 1.76685e-007
Gmin = 1.89714e-008
Gmin = 2.03704e-009
Gmin = 2.18725e-010
Gmin = 2.34854e-011
Gmin = 2.52173e-012
Gmin = 2.70769e-013
Gmin = 0
Gmin stepping succeeded in finding the operating point.


Date: Fri Feb 23 15:38:50 2018
Total elapsed time: 0.806 seconds.

tnom = 27
temp = 27
method = modified trap
totiter = 16771
traniter = 16296
tranpoints = 8081
accept = 8060
rejected = 21
matrix size = 75
fillins = 16
solver = Normal
Matrix Compiler1: 11.23 KB object code size  1.8/1.2/[0.5]
Matrix Compiler2: 8.62 KB object code size  1.6/2.0/[1.0]

